// Jest Snapshot v1, https://goo.gl/fbAQLP

exports[`App component snpashot test App 1`] = `
<DocumentFragment>
  <div
    class="Form"
  >
    <h2>
      postpost
    </h2>
    <form>
      <fieldset
        name="url"
      >
        <legend>
          url
        </legend>
        <input
          name="url"
          placeholder="https://www.example.com/api/v1/fruit"
          type="url"
          value="https://www.onezoom.org/popularity/list"
        />
        <button
          type="submit"
        >
          send
        </button>
      </fieldset>
      <fieldset
        name="params"
      >
        <legend>
          params
        </legend>
        <table
          class="ParamsConfig"
          colspan="3"
        >
          <thead>
            <tr>
              <th>
                key
              </th>
              <th>
                value
              </th>
              <th />
            </tr>
          </thead>
          <tbody>
            <tr
              class="ParamsEntry"
            >
              <td>
                <input
                  class="query-key"
                  placeholder="KEY"
                  type="text"
                  value=""
                />
              </td>
              <td>
                <input
                  class="query-val"
                  placeholder="VALUE"
                  type="text"
                  value=""
                />
              </td>
              <td>
                <button
                  type="button"
                >
                  save
                </button>
              </td>
            </tr>
          </tbody>
        </table>
      </fieldset>
      <fieldset
        name="method"
      >
        <legend>
          method
        </legend>
        <label>
          <input
            checked=""
            name="method"
            type="radio"
            value="GET"
          />
          <span>
            GET
          </span>
        </label>
        <label>
          <input
            name="method"
            type="radio"
            value="POST"
          />
          <span>
            POST
          </span>
        </label>
        <label>
          <input
            name="method"
            type="radio"
            value="PUT"
          />
          <span>
            PUT
          </span>
        </label>
        <label>
          <input
            name="method"
            type="radio"
            value="DELETE"
          />
          <span>
            DELETE
          </span>
        </label>
        <label>
          <input
            name="method"
            type="radio"
            value="PATCH"
          />
          <span>
            PATCH
          </span>
        </label>
      </fieldset>
      <fieldset
        name="auth"
      >
        <legend>
          auth
        </legend>
        <select
          name="auth"
        >
          <option
            selected=""
            value=""
          >
            none
          </option>
          <option
            value="basic"
          >
            basic
          </option>
          <option
            hidden=""
            value="digest"
          >
            digest
          </option>
          <option
            value="bearer"
          >
            bearer
          </option>
        </select>
      </fieldset>
      <fieldset
        style="display: none;"
      >
        <legend>
          request body
        </legend>
        <textarea
          name="body"
          placeholder="body"
          style="background-color: rgba(221, 85, 85, 0.333);"
        />
      </fieldset>
    </form>
    <div
      class="Payload"
    >
      <fieldset>
        <legend>
          response body
        </legend>
        <pre>
          <code />
        </pre>
      </fieldset>
    </div>
  </div>
</DocumentFragment>
`;
